<html>
<body>
<pre>
<h1>µVision Build Log</h1>
<h2>Project:</h2>
C:\Keil\Labware\arcade\arcade.uvproj
Project File Date:  04/22/2017

<h2>Output:</h2>
Rebuild target 'Arcade'
assembling startup_TM4C123.s...
compiling init.c...
compiling main.c...
compiling Nokia5110.c...
compiling PLL.c...
compiling switch.c...
compiling timer.c...
compiling sound.c...
linking...
Program Size: Code=7178 RO-data=20978 RW-data=992 ZI-data=1112  
".\arcade.axf" - 0 Error(s), 0 Warning(s).
Load "C:\\Keil\\Labware\\arcade\\arcade.axf" 
Connecting: Mode=JTAG, Speed=1000000Hz
Erase Done.
Programming Done.
Verify OK.
</pre>
</body>
</html>
rcade\\arcade.axf" 
Connecting: Mode=JTAG, Speed=1000000Hz
Erase Done.
Programming Done.
Verify OK.
iling Nokia5110.c...
compiling PLL.c...
compiling switch.c...
compiling timer.c...
compiling sound.c...
".\arcade.axf" - 4 Error(s), 0 Warning(s).
Target not created
