ARM Linker, 5.03 [Build 76] [MDK-ARM Lite]

==============================================================================

Section Cross References

    startup_tm4c123.o(RESET) refers to startup_tm4c123.o(STACK) for __initial_sp
    startup_tm4c123.o(RESET) refers to startup_tm4c123.o(.text) for Reset_Handler
    startup_tm4c123.o(RESET) refers to timer.o(.text) for TIMER2A_Handler
    startup_tm4c123.o(.text) refers to init.o(.text) for SystemInit
    startup_tm4c123.o(.text) refers to entry.o(.ARM.Collect$$$$00000000) for __main
    main.o(.text) refers to nokia5110.o(.text) for Nokia5110_PrintBMP
    main.o(.text) refers to main.o(.bss) for gl_game
    main.o(.text) refers to main.o(.constdata) for SmallEnemy30PointA
    main.o(.text) refers to main.o(.data) for allien
    main.o(.text) refers to switch.o(.text) for isLeftPressed
    main.o(.text) refers to memcpya.o(.text) for __aeabi_memcpy4
    main.o(.text) refers to pll.o(.text) for PLL_Init
    main.o(.text) refers to timer.o(.text) for Timer2_Init
    main.o(.data) refers to main.o(.constdata) for SmallEnemy30PointA
    nokia5110.o(.text) refers to nokia5110.o(.constdata) for ASCII
    nokia5110.o(.text) refers to nokia5110.o(.data) for x_pos
    nokia5110.o(.text) refers to nokia5110.o(.bss) for Screen
    timer.o(.text) refers to timer.o(.data) for PeriodicTask
    entry.o(.ARM.Collect$$$$00000000) refers (Special) to entry10a.o(.ARM.Collect$$$$0000000D) for __rt_final_cpp
    entry.o(.ARM.Collect$$$$00000000) refers (Special) to entry11a.o(.ARM.Collect$$$$0000000F) for __rt_final_exit
    entry.o(.ARM.Collect$$$$00000000) refers (Special) to entry7b.o(.ARM.Collect$$$$00000008) for _main_clock
    entry.o(.ARM.Collect$$$$00000000) refers (Special) to entry8b.o(.ARM.Collect$$$$0000000A) for _main_cpp_init
    entry.o(.ARM.Collect$$$$00000000) refers (Special) to entry9a.o(.ARM.Collect$$$$0000000B) for _main_init
    entry.o(.ARM.Collect$$$$00000000) refers (Special) to entry5.o(.ARM.Collect$$$$00000004) for _main_scatterload
    entry.o(.ARM.Collect$$$$00000000) refers (Special) to entry2.o(.ARM.Collect$$$$00000001) for _main_stk
    entry2.o(.ARM.Collect$$$$00000001) refers to entry2.o(.ARM.Collect$$$$00002712) for __lit__00000000
    entry2.o(.ARM.Collect$$$$00002712) refers to startup_tm4c123.o(STACK) for __initial_sp
    entry2.o(__vectab_stack_and_reset_area) refers to startup_tm4c123.o(STACK) for __initial_sp
    entry2.o(__vectab_stack_and_reset_area) refers to entry.o(.ARM.Collect$$$$00000000) for __main
    entry5.o(.ARM.Collect$$$$00000004) refers to init.o(.text) for __scatterload
    entry9a.o(.ARM.Collect$$$$0000000B) refers to main.o(.text) for main
    entry9b.o(.ARM.Collect$$$$0000000C) refers to main.o(.text) for main
    init.o(.text) refers to entry5.o(.ARM.Collect$$$$00000004) for __main_after_scatterload


==============================================================================

Removing Unused input sections from the image.

    Removing startup_tm4c123.o(HEAP), (0 bytes).
    Removing init.o(.rev16_text), (4 bytes).
    Removing init.o(.revsh_text), (4 bytes).
    Removing main.o(.rev16_text), (4 bytes).
    Removing main.o(.revsh_text), (4 bytes).
    Removing switch.o(.rev16_text), (4 bytes).
    Removing switch.o(.revsh_text), (4 bytes).
    Removing timer.o(.rev16_text), (4 bytes).
    Removing timer.o(.revsh_text), (4 bytes).

9 unused section(s) (total 32 bytes) removed from the image.

==============================================================================

Image Symbol Table

    Local Symbols

    Symbol Name                              Value     Ov Type        Size  Object(Section)

    RESET                                    0x00000000   Section      620  startup_tm4c123.o(RESET)
    ../clib/../cmprslib/zerorunl2.c          0x00000000   Number         0  __dczerorl2.o ABSOLUTE
    ../clib/microlib/init/entry.s            0x00000000   Number         0  entry8b.o ABSOLUTE
    ../clib/microlib/init/entry.s            0x00000000   Number         0  entry8a.o ABSOLUTE
    ../clib/microlib/init/entry.s            0x00000000   Number         0  entry7b.o ABSOLUTE
    ../clib/microlib/init/entry.s            0x00000000   Number         0  entry11b.o ABSOLUTE
    ../clib/microlib/init/entry.s            0x00000000   Number         0  entry7a.o ABSOLUTE
    ../clib/microlib/init/entry.s            0x00000000   Number         0  entry5.o ABSOLUTE
    ../clib/microlib/init/entry.s            0x00000000   Number         0  entry2.o ABSOLUTE
    ../clib/microlib/init/entry.s            0x00000000   Number         0  entry.o ABSOLUTE
    ../clib/microlib/init/entry.s            0x00000000   Number         0  entry11a.o ABSOLUTE
    ../clib/microlib/init/entry.s            0x00000000   Number         0  entry10b.o ABSOLUTE
    ../clib/microlib/init/entry.s            0x00000000   Number         0  entry10a.o ABSOLUTE
    ../clib/microlib/init/entry.s            0x00000000   Number         0  entry9b.o ABSOLUTE
    ../clib/microlib/init/entry.s            0x00000000   Number         0  entry9a.o ABSOLUTE
    ../clib/microlib/string/memcpy.c         0x00000000   Number         0  memcpyb.o ABSOLUTE
    ../clib/microlib/string/memcpy.c         0x00000000   Number         0  memcpya.o ABSOLUTE
    Nokia5110.c                              0x00000000   Number         0  nokia5110.o ABSOLUTE
    PLL.c                                    0x00000000   Number         0  pll.o ABSOLUTE
    dc.s                                     0x00000000   Number         0  dc.o ABSOLUTE
    handlers.s                               0x00000000   Number         0  handlers.o ABSOLUTE
    init.c                                   0x00000000   Number         0  init.o ABSOLUTE
    init.c                                   0x00000000   Number         0  init.o ABSOLUTE
    init.s                                   0x00000000   Number         0  init.o ABSOLUTE
    main.c                                   0x00000000   Number         0  main.o ABSOLUTE
    main.c                                   0x00000000   Number         0  main.o ABSOLUTE
    startup_TM4C123.s                        0x00000000   Number         0  startup_tm4c123.o ABSOLUTE
    switch.c                                 0x00000000   Number         0  switch.o ABSOLUTE
    switch.c                                 0x00000000   Number         0  switch.o ABSOLUTE
    timer.c                                  0x00000000   Number         0  timer.o ABSOLUTE
    timer.c                                  0x00000000   Number         0  timer.o ABSOLUTE
    .ARM.Collect$$$$00000000                 0x0000026c   Section        0  entry.o(.ARM.Collect$$$$00000000)
    .ARM.Collect$$$$00000001                 0x0000026c   Section        4  entry2.o(.ARM.Collect$$$$00000001)
    .ARM.Collect$$$$00000004                 0x00000270   Section        4  entry5.o(.ARM.Collect$$$$00000004)
    .ARM.Collect$$$$00000008                 0x00000274   Section        0  entry7b.o(.ARM.Collect$$$$00000008)
    .ARM.Collect$$$$0000000A                 0x00000274   Section        0  entry8b.o(.ARM.Collect$$$$0000000A)
    .ARM.Collect$$$$0000000B                 0x00000274   Section        8  entry9a.o(.ARM.Collect$$$$0000000B)
    .ARM.Collect$$$$0000000D                 0x0000027c   Section        0  entry10a.o(.ARM.Collect$$$$0000000D)
    .ARM.Collect$$$$0000000F                 0x0000027c   Section        0  entry11a.o(.ARM.Collect$$$$0000000F)
    .ARM.Collect$$$$00002712                 0x0000027c   Section        4  entry2.o(.ARM.Collect$$$$00002712)
    __lit__00000000                          0x0000027c   Data           4  entry2.o(.ARM.Collect$$$$00002712)
    .text                                    0x00000280   Section      252  startup_tm4c123.o(.text)
    $v0                                      0x00000280   Number         0  startup_tm4c123.o(.text)
    .text                                    0x0000037c   Section        0  init.o(.text)
    .text                                    0x00000380   Section        0  main.o(.text)
    .text                                    0x00000fb8   Section        0  nokia5110.o(.text)
    lcdwrite                                 0x00000fb9   Thumb Code    66  nokia5110.o(.text)
    .text                                    0x000017c0   Section        0  pll.o(.text)
    .text                                    0x0000183c   Section        0  switch.o(.text)
    .text                                    0x0000192c   Section        0  timer.o(.text)
    .text                                    0x000019dc   Section        0  memcpya.o(.text)
    .text                                    0x00001a00   Section       36  init.o(.text)
    .text                                    0x00001a24   Section        0  __dczerorl2.o(.text)
    i.__scatterload_copy                     0x00001a80   Section       14  handlers.o(i.__scatterload_copy)
    i.__scatterload_null                     0x00001a8e   Section        2  handlers.o(i.__scatterload_null)
    i.__scatterload_zeroinit                 0x00001a90   Section       14  handlers.o(i.__scatterload_zeroinit)
    .constdata                               0x00001a9e   Section     4411  main.o(.constdata)
    ASCII                                    0x00001a9e   Data         480  main.o(.constdata)
    .constdata                               0x00002bd9   Section      480  nokia5110.o(.constdata)
    ASCII                                    0x00002bd9   Data         480  nokia5110.o(.constdata)
    .data                                    0x20000000   Section      725  main.o(.data)
    framecounter                             0x200002d0   Data           4  main.o(.data)
    .data                                    0x200002d8   Section       12  nokia5110.o(.data)
    x_pos                                    0x200002d8   Data           4  nokia5110.o(.data)
    y_pos                                    0x200002dc   Data           4  nokia5110.o(.data)
    write_pos                                0x200002e0   Data           4  nokia5110.o(.data)
    .data                                    0x200002e4   Section        4  timer.o(.data)
    .bss                                     0x200002e8   Section       40  main.o(.bss)
    .bss                                     0x20000310   Section      504  nokia5110.o(.bss)
    Screen                                   0x20000310   Data         504  nokia5110.o(.bss)
    STACK                                    0x20000508   Section      512  startup_tm4c123.o(STACK)

    Global Symbols

    Symbol Name                              Value     Ov Type        Size  Object(Section)

    BuildAttributes$$THM_ISAv4$E$P$D$K$B$S$7EM$VFPi3$EXTD16$VFPS$VFMA$PE$A:L22UL41UL21$X:L11$S22US41US21$IEEE1$IW$USESV6$~STKCKD$USESV7$~SHL$OSPACE$EBA8$MICROLIB$REQ8$PRES8$EABIv2 0x00000000   Number         0  anon$$obj.o ABSOLUTE
    __ARM_use_no_argv                        0x00000000   Number         0  main.o ABSOLUTE
    __Vectors                                0x00000000   Data           4  startup_tm4c123.o(RESET)
    __cpp_initialize__aeabi_                  - Undefined Weak Reference
    __cxa_finalize                            - Undefined Weak Reference
    _clock_init                               - Undefined Weak Reference
    _microlib_exit                            - Undefined Weak Reference
    __Vectors_End                            0x0000026c   Data           0  startup_tm4c123.o(RESET)
    __Vectors_Size                           0x0000026c   Number         0  startup_tm4c123.o ABSOLUTE
    __main                                   0x0000026d   Thumb Code     0  entry.o(.ARM.Collect$$$$00000000)
    _main_stk                                0x0000026d   Thumb Code     0  entry2.o(.ARM.Collect$$$$00000001)
    _main_scatterload                        0x00000271   Thumb Code     0  entry5.o(.ARM.Collect$$$$00000004)
    __main_after_scatterload                 0x00000275   Thumb Code     0  entry5.o(.ARM.Collect$$$$00000004)
    _main_clock                              0x00000275   Thumb Code     0  entry7b.o(.ARM.Collect$$$$00000008)
    _main_cpp_init                           0x00000275   Thumb Code     0  entry8b.o(.ARM.Collect$$$$0000000A)
    _main_init                               0x00000275   Thumb Code     0  entry9a.o(.ARM.Collect$$$$0000000B)
    __rt_final_cpp                           0x0000027d   Thumb Code     0  entry10a.o(.ARM.Collect$$$$0000000D)
    __rt_final_exit                          0x0000027d   Thumb Code     0  entry11a.o(.ARM.Collect$$$$0000000F)
    Reset_Handler                            0x00000281   Thumb Code     8  startup_tm4c123.o(.text)
    NMI_Handler                              0x00000289   Thumb Code     2  startup_tm4c123.o(.text)
    HardFault_Handler                        0x0000028b   Thumb Code     2  startup_tm4c123.o(.text)
    MemManage_Handler                        0x0000028d   Thumb Code     2  startup_tm4c123.o(.text)
    BusFault_Handler                         0x0000028f   Thumb Code     2  startup_tm4c123.o(.text)
    UsageFault_Handler                       0x00000291   Thumb Code     2  startup_tm4c123.o(.text)
    SVC_Handler                              0x00000293   Thumb Code     2  startup_tm4c123.o(.text)
    DebugMon_Handler                         0x00000295   Thumb Code     2  startup_tm4c123.o(.text)
    PendSV_Handler                           0x00000297   Thumb Code     2  startup_tm4c123.o(.text)
    SysTick_Handler                          0x00000299   Thumb Code     2  startup_tm4c123.o(.text)
    GPIOA_Handler                            0x0000029b   Thumb Code     2  startup_tm4c123.o(.text)
    GPIOB_Handler                            0x0000029d   Thumb Code     2  startup_tm4c123.o(.text)
    GPIOC_Handler                            0x0000029f   Thumb Code     2  startup_tm4c123.o(.text)
    GPIOD_Handler                            0x000002a1   Thumb Code     2  startup_tm4c123.o(.text)
    GPIOE_Handler                            0x000002a3   Thumb Code     2  startup_tm4c123.o(.text)
    UART0_Handler                            0x000002a5   Thumb Code     2  startup_tm4c123.o(.text)
    UART1_Handler                            0x000002a7   Thumb Code     2  startup_tm4c123.o(.text)
    SSI0_Handler                             0x000002a9   Thumb Code     2  startup_tm4c123.o(.text)
    I2C0_Handler                             0x000002ab   Thumb Code     2  startup_tm4c123.o(.text)
    PMW0_FAULT_Handler                       0x000002ad   Thumb Code     2  startup_tm4c123.o(.text)
    PWM0_0_Handler                           0x000002af   Thumb Code     2  startup_tm4c123.o(.text)
    PWM0_1_Handler                           0x000002b1   Thumb Code     2  startup_tm4c123.o(.text)
    PWM0_2_Handler                           0x000002b3   Thumb Code     2  startup_tm4c123.o(.text)
    QEI0_Handler                             0x000002b5   Thumb Code     2  startup_tm4c123.o(.text)
    ADC0SS0_Handler                          0x000002b7   Thumb Code     2  startup_tm4c123.o(.text)
    ADC0SS1_Handler                          0x000002b9   Thumb Code     2  startup_tm4c123.o(.text)
    ADC0SS2_Handler                          0x000002bb   Thumb Code     2  startup_tm4c123.o(.text)
    ADC0SS3_Handler                          0x000002bd   Thumb Code     2  startup_tm4c123.o(.text)
    WDT0_Handler                             0x000002bf   Thumb Code     2  startup_tm4c123.o(.text)
    TIMER0A_Handler                          0x000002c1   Thumb Code     2  startup_tm4c123.o(.text)
    TIMER0B_Handler                          0x000002c3   Thumb Code     2  startup_tm4c123.o(.text)
    TIMER1A_Handler                          0x000002c5   Thumb Code     2  startup_tm4c123.o(.text)
    TIMER1B_Handler                          0x000002c7   Thumb Code     2  startup_tm4c123.o(.text)
    TIMER2B_Handler                          0x000002cb   Thumb Code     2  startup_tm4c123.o(.text)
    COMP0_Handler                            0x000002cd   Thumb Code     2  startup_tm4c123.o(.text)
    COMP1_Handler                            0x000002cf   Thumb Code     2  startup_tm4c123.o(.text)
    COMP2_Handler                            0x000002d1   Thumb Code     2  startup_tm4c123.o(.text)
    SYSCTL_Handler                           0x000002d3   Thumb Code     2  startup_tm4c123.o(.text)
    FLASH_Handler                            0x000002d5   Thumb Code     2  startup_tm4c123.o(.text)
    GPIOF_Handler                            0x000002d7   Thumb Code     2  startup_tm4c123.o(.text)
    GPIOG_Handler                            0x000002d9   Thumb Code     2  startup_tm4c123.o(.text)
    GPIOH_Handler                            0x000002db   Thumb Code     2  startup_tm4c123.o(.text)
    UART2_Handler                            0x000002dd   Thumb Code     2  startup_tm4c123.o(.text)
    SSI1_Handler                             0x000002df   Thumb Code     2  startup_tm4c123.o(.text)
    TIMER3A_Handler                          0x000002e1   Thumb Code     2  startup_tm4c123.o(.text)
    TIMER3B_Handler                          0x000002e3   Thumb Code     2  startup_tm4c123.o(.text)
    I2C1_Handler                             0x000002e5   Thumb Code     2  startup_tm4c123.o(.text)
    QEI1_Handler                             0x000002e7   Thumb Code     2  startup_tm4c123.o(.text)
    CAN0_Handler                             0x000002e9   Thumb Code     2  startup_tm4c123.o(.text)
    CAN1_Handler                             0x000002eb   Thumb Code     2  startup_tm4c123.o(.text)
    CAN2_Handler                             0x000002ed   Thumb Code     2  startup_tm4c123.o(.text)
    HIB_Handler                              0x000002ef   Thumb Code     2  startup_tm4c123.o(.text)
    USB0_Handler                             0x000002f1   Thumb Code     2  startup_tm4c123.o(.text)
    PWM0_3_Handler                           0x000002f3   Thumb Code     2  startup_tm4c123.o(.text)
    UDMA_Handler                             0x000002f5   Thumb Code     2  startup_tm4c123.o(.text)
    UDMAERR_Handler                          0x000002f7   Thumb Code     2  startup_tm4c123.o(.text)
    ADC1SS0_Handler                          0x000002f9   Thumb Code     2  startup_tm4c123.o(.text)
    ADC1SS1_Handler                          0x000002fb   Thumb Code     2  startup_tm4c123.o(.text)
    ADC1SS2_Handler                          0x000002fd   Thumb Code     2  startup_tm4c123.o(.text)
    ADC1SS3_Handler                          0x000002ff   Thumb Code     2  startup_tm4c123.o(.text)
    GPIOJ_Handler                            0x00000301   Thumb Code     2  startup_tm4c123.o(.text)
    GPIOK_Handler                            0x00000303   Thumb Code     2  startup_tm4c123.o(.text)
    GPIOL_Handler                            0x00000305   Thumb Code     2  startup_tm4c123.o(.text)
    SSI2_Handler                             0x00000307   Thumb Code     2  startup_tm4c123.o(.text)
    SSI3_Handler                             0x00000309   Thumb Code     2  startup_tm4c123.o(.text)
    UART3_Handler                            0x0000030b   Thumb Code     2  startup_tm4c123.o(.text)
    UART4_Handler                            0x0000030d   Thumb Code     2  startup_tm4c123.o(.text)
    UART5_Handler                            0x0000030f   Thumb Code     2  startup_tm4c123.o(.text)
    UART6_Handler                            0x00000311   Thumb Code     2  startup_tm4c123.o(.text)
    UART7_Handler                            0x00000313   Thumb Code     2  startup_tm4c123.o(.text)
    I2C2_Handler                             0x00000315   Thumb Code     2  startup_tm4c123.o(.text)
    I2C3_Handler                             0x00000317   Thumb Code     2  startup_tm4c123.o(.text)
    TIMER4A_Handler                          0x00000319   Thumb Code     2  startup_tm4c123.o(.text)
    TIMER4B_Handler                          0x0000031b   Thumb Code     2  startup_tm4c123.o(.text)
    TIMER5A_Handler                          0x0000031d   Thumb Code     2  startup_tm4c123.o(.text)
    TIMER5B_Handler                          0x0000031f   Thumb Code     2  startup_tm4c123.o(.text)
    WTIMER0A_Handler                         0x00000321   Thumb Code     2  startup_tm4c123.o(.text)
    WTIMER0B_Handler                         0x00000323   Thumb Code     2  startup_tm4c123.o(.text)
    WTIMER1A_Handler                         0x00000325   Thumb Code     2  startup_tm4c123.o(.text)
    WTIMER1B_Handler                         0x00000327   Thumb Code     2  startup_tm4c123.o(.text)
    WTIMER2A_Handler                         0x00000329   Thumb Code     2  startup_tm4c123.o(.text)
    WTIMER2B_Handler                         0x0000032b   Thumb Code     2  startup_tm4c123.o(.text)
    WTIMER3A_Handler                         0x0000032d   Thumb Code     2  startup_tm4c123.o(.text)
    WTIMER3B_Handler                         0x0000032f   Thumb Code     2  startup_tm4c123.o(.text)
    WTIMER4A_Handler                         0x00000331   Thumb Code     2  startup_tm4c123.o(.text)
    WTIMER4B_Handler                         0x00000333   Thumb Code     2  startup_tm4c123.o(.text)
    WTIMER5A_Handler                         0x00000335   Thumb Code     2  startup_tm4c123.o(.text)
    WTIMER5B_Handler                         0x00000337   Thumb Code     2  startup_tm4c123.o(.text)
    FPU_Handler                              0x00000339   Thumb Code     2  startup_tm4c123.o(.text)
    I2C4_Handler                             0x0000033b   Thumb Code     2  startup_tm4c123.o(.text)
    I2C5_Handler                             0x0000033d   Thumb Code     2  startup_tm4c123.o(.text)
    GPIOM_Handler                            0x0000033f   Thumb Code     2  startup_tm4c123.o(.text)
    GPION_Handler                            0x00000341   Thumb Code     2  startup_tm4c123.o(.text)
    QEI2_Handler                             0x00000343   Thumb Code     2  startup_tm4c123.o(.text)
    GPIOP0_Handler                           0x00000345   Thumb Code     2  startup_tm4c123.o(.text)
    GPIOP1_Handler                           0x00000347   Thumb Code     2  startup_tm4c123.o(.text)
    GPIOP2_Handler                           0x00000349   Thumb Code     2  startup_tm4c123.o(.text)
    GPIOP3_Handler                           0x0000034b   Thumb Code     2  startup_tm4c123.o(.text)
    GPIOP4_Handler                           0x0000034d   Thumb Code     2  startup_tm4c123.o(.text)
    GPIOP5_Handler                           0x0000034f   Thumb Code     2  startup_tm4c123.o(.text)
    GPIOP6_Handler                           0x00000351   Thumb Code     2  startup_tm4c123.o(.text)
    GPIOP7_Handler                           0x00000353   Thumb Code     2  startup_tm4c123.o(.text)
    GPIOQ0_Handler                           0x00000355   Thumb Code     2  startup_tm4c123.o(.text)
    GPIOQ1_Handler                           0x00000357   Thumb Code     2  startup_tm4c123.o(.text)
    GPIOQ2_Handler                           0x00000359   Thumb Code     2  startup_tm4c123.o(.text)
    GPIOQ3_Handler                           0x0000035b   Thumb Code     2  startup_tm4c123.o(.text)
    GPIOQ4_Handler                           0x0000035d   Thumb Code     2  startup_tm4c123.o(.text)
    GPIOQ5_Handler                           0x0000035f   Thumb Code     2  startup_tm4c123.o(.text)
    GPIOQ6_Handler                           0x00000361   Thumb Code     2  startup_tm4c123.o(.text)
    GPIOQ7_Handler                           0x00000363   Thumb Code     2  startup_tm4c123.o(.text)
    GPIOR_Handler                            0x00000365   Thumb Code     2  startup_tm4c123.o(.text)
    GPIOS_Handler                            0x00000367   Thumb Code     2  startup_tm4c123.o(.text)
    PMW1_0_Handler                           0x00000369   Thumb Code     2  startup_tm4c123.o(.text)
    PWM1_1_Handler                           0x0000036b   Thumb Code     2  startup_tm4c123.o(.text)
    PWM1_2_Handler                           0x0000036d   Thumb Code     2  startup_tm4c123.o(.text)
    PWM1_3_Handler                           0x0000036f   Thumb Code     2  startup_tm4c123.o(.text)
    PWM1_FAULT_Handler                       0x00000371   Thumb Code     2  startup_tm4c123.o(.text)
    SystemInit                               0x0000037d   Thumb Code     2  init.o(.text)
    InitGame                                 0x00000381   Thumb Code    16  main.o(.text)
    InitAlliens                              0x00000391   Thumb Code   174  main.o(.text)
    InitPlayerShip                           0x0000043f   Thumb Code    24  main.o(.text)
    InitLaser                                0x00000457   Thumb Code    14  main.o(.text)
    InitMissiles                             0x00000465   Thumb Code    58  main.o(.text)
    DrawAlliens                              0x0000049f   Thumb Code   158  main.o(.text)
    MoveAlliens                              0x0000053d   Thumb Code   504  main.o(.text)
    DrawShip                                 0x00000735   Thumb Code   110  main.o(.text)
    MoveShip                                 0x000007a3   Thumb Code   114  main.o(.text)
    DrawLaser                                0x00000815   Thumb Code    34  main.o(.text)
    MoveLaser                                0x00000837   Thumb Code    30  main.o(.text)
    DrawMissiles                             0x00000855   Thumb Code    84  main.o(.text)
    MoveMissiles                             0x000008a9   Thumb Code   118  main.o(.text)
    hasCollided                              0x0000091f   Thumb Code   132  main.o(.text)
    hasAllienCollided                        0x000009a3   Thumb Code    86  main.o(.text)
    hasMissileCollided                       0x000009f9   Thumb Code    86  main.o(.text)
    TimerRendering                           0x00000a4f   Thumb Code   740  main.o(.text)
    Delay100ms                               0x00000d33   Thumb Code    30  main.o(.text)
    main                                     0x00000d51   Thumb Code   430  main.o(.text)
    Nokia5110_Init                           0x00000ffb   Thumb Code   314  nokia5110.o(.text)
    Nokia5110_OutChar                        0x00001135   Thumb Code    52  nokia5110.o(.text)
    Nokia5110_OutString                      0x00001169   Thumb Code    22  nokia5110.o(.text)
    Nokia5110_OutUDec                        0x0000117f   Thumb Code   370  nokia5110.o(.text)
    Nokia5110_SetCursor                      0x000012f1   Thumb Code    46  nokia5110.o(.text)
    Nokia5110_Clear                          0x0000131f   Thumb Code    32  nokia5110.o(.text)
    Nokia5110_DrawFullImage                  0x0000133f   Thumb Code    34  nokia5110.o(.text)
    Nokia5110_SetCursorBuffer                0x00001361   Thumb Code    30  nokia5110.o(.text)
    Nokia5110_OutCharBuffer                  0x0000137f   Thumb Code   200  nokia5110.o(.text)
    Nokia5110_OutStringBuffer                0x00001447   Thumb Code    36  nokia5110.o(.text)
    Nokia5110_OutUDecBuffer                  0x0000146b   Thumb Code   402  nokia5110.o(.text)
    Nokia5110_PrintBMP                       0x000015fd   Thumb Code   404  nokia5110.o(.text)
    Nokia5110_ClearBuffer                    0x00001791   Thumb Code    20  nokia5110.o(.text)
    Nokia5110_DisplayBuffer                  0x000017a5   Thumb Code    10  nokia5110.o(.text)
    PLL_Init                                 0x000017c1   Thumb Code   118  pll.o(.text)
    Switch_Init                              0x0000183d   Thumb Code   108  switch.o(.text)
    Switch_Input                             0x000018a9   Thumb Code     6  switch.o(.text)
    isLeftPressed                            0x000018af   Thumb Code    10  switch.o(.text)
    isRightPressed                           0x000018b9   Thumb Code    10  switch.o(.text)
    isFirePressed                            0x000018c3   Thumb Code    10  switch.o(.text)
    waitForFire                              0x000018cd   Thumb Code    26  switch.o(.text)
    waitForAnyButton                         0x000018e7   Thumb Code    30  switch.o(.text)
    Timer2_Init                              0x0000192d   Thumb Code   112  timer.o(.text)
    TIMER2A_Handler                          0x0000199d   Thumb Code    16  timer.o(.text)
    Timer2A_Stop                             0x000019ad   Thumb Code    14  timer.o(.text)
    Timer2A_Start                            0x000019bb   Thumb Code    14  timer.o(.text)
    __aeabi_memcpy                           0x000019dd   Thumb Code    36  memcpya.o(.text)
    __aeabi_memcpy4                          0x000019dd   Thumb Code     0  memcpya.o(.text)
    __aeabi_memcpy8                          0x000019dd   Thumb Code     0  memcpya.o(.text)
    __scatterload                            0x00001a01   Thumb Code    28  init.o(.text)
    __scatterload_rt2                        0x00001a01   Thumb Code     0  init.o(.text)
    __decompress                             0x00001a25   Thumb Code     0  __dczerorl2.o(.text)
    __decompress1                            0x00001a25   Thumb Code    92  __dczerorl2.o(.text)
    __scatterload_copy                       0x00001a81   Thumb Code    14  handlers.o(i.__scatterload_copy)
    __scatterload_null                       0x00001a8f   Thumb Code     2  handlers.o(i.__scatterload_null)
    __scatterload_zeroinit                   0x00001a91   Thumb Code    14  handlers.o(i.__scatterload_zeroinit)
    SmallEnemy30PointA                       0x00001c7e   Data         199  main.o(.constdata)
    SmallEnemy30PointB                       0x00001d45   Data         199  main.o(.constdata)
    SmallEnemy20PointA                       0x00001e0c   Data         199  main.o(.constdata)
    SmallEnemy20PointB                       0x00001ed3   Data         199  main.o(.constdata)
    SmallEnemy10PointA                       0x00001f9a   Data         199  main.o(.constdata)
    SmallEnemy10PointB                       0x00002061   Data         199  main.o(.constdata)
    PlayerShip0                              0x00002128   Data         215  main.o(.constdata)
    SmallEnemyBonus0                         0x000021ff   Data         203  main.o(.constdata)
    Bunker0                                  0x000022ca   Data         179  main.o(.constdata)
    Bunker1                                  0x0000237d   Data         179  main.o(.constdata)
    Bunker2                                  0x00002430   Data         179  main.o(.constdata)
    Bunker3                                  0x000024e3   Data         179  main.o(.constdata)
    BigExplosion0                            0x00002596   Data         215  main.o(.constdata)
    BigExplosion1                            0x0000266d   Data         215  main.o(.constdata)
    SmallExplosion0                          0x00002744   Data         199  main.o(.constdata)
    SmallExplosion1                          0x0000280b   Data         199  main.o(.constdata)
    Missile0                                 0x000028d2   Data         155  main.o(.constdata)
    Missile1                                 0x0000296d   Data         155  main.o(.constdata)
    Missile2                                 0x00002a08   Data         155  main.o(.constdata)
    Laser0                                   0x00002aa3   Data         155  main.o(.constdata)
    Laser1                                   0x00002b3e   Data         155  main.o(.constdata)
    Region$$Table$$Base                      0x00002dbc   Number         0  anon$$obj.o(Region$$Table)
    Region$$Table$$Limit                     0x00002ddc   Number         0  anon$$obj.o(Region$$Table)
    allien                                   0x20000000   Data         480  main.o(.data)
    missile                                  0x200001e0   Data         160  main.o(.data)
    pship                                    0x20000280   Data          40  main.o(.data)
    laser                                    0x200002a8   Data          40  main.o(.data)
    gl_m                                     0x200002d4   Data           1  main.o(.data)
    PeriodicTask                             0x200002e4   Data           4  timer.o(.data)
    gl_a                                     0x200002e8   Data          28  main.o(.bss)
    gl_game                                  0x20000304   Data          12  main.o(.bss)
    __initial_sp                             0x20000708   Data           0  startup_tm4c123.o(STACK)



==============================================================================

Memory Map of the image

  Image Entry point : 0x0000026d

  Load Region LR_IROM1 (Base: 0x00000000, Size: 0x000030c4, Max: 0x00040000, ABSOLUTE, COMPRESSED[0x00002e68])

    Execution Region ER_IROM1 (Base: 0x00000000, Size: 0x00002ddc, Max: 0x00040000, ABSOLUTE)

    Base Addr    Size         Type   Attr      Idx    E Section Name        Object

    0x00000000   0x0000026c   Data   RO            3    RESET               startup_tm4c123.o
    0x0000026c   0x00000000   Code   RO          172  * .ARM.Collect$$$$00000000  mc_w.l(entry.o)
    0x0000026c   0x00000004   Code   RO          179    .ARM.Collect$$$$00000001  mc_w.l(entry2.o)
    0x00000270   0x00000004   Code   RO          182    .ARM.Collect$$$$00000004  mc_w.l(entry5.o)
    0x00000274   0x00000000   Code   RO          184    .ARM.Collect$$$$00000008  mc_w.l(entry7b.o)
    0x00000274   0x00000000   Code   RO          186    .ARM.Collect$$$$0000000A  mc_w.l(entry8b.o)
    0x00000274   0x00000008   Code   RO          187    .ARM.Collect$$$$0000000B  mc_w.l(entry9a.o)
    0x0000027c   0x00000000   Code   RO          189    .ARM.Collect$$$$0000000D  mc_w.l(entry10a.o)
    0x0000027c   0x00000000   Code   RO          191    .ARM.Collect$$$$0000000F  mc_w.l(entry11a.o)
    0x0000027c   0x00000004   Code   RO          180    .ARM.Collect$$$$00002712  mc_w.l(entry2.o)
    0x00000280   0x000000fc   Code   RO            4    .text               startup_tm4c123.o
    0x0000037c   0x00000002   Code   RO           12    .text               init.o
    0x0000037e   0x00000002   PAD
    0x00000380   0x00000c38   Code   RO           59    .text               main.o
    0x00000fb8   0x00000808   Code   RO           97    .text               nokia5110.o
    0x000017c0   0x0000007c   Code   RO          113    .text               pll.o
    0x0000183c   0x000000f0   Code   RO          127    .text               switch.o
    0x0000192c   0x000000b0   Code   RO          147    .text               timer.o
    0x000019dc   0x00000024   Code   RO          175    .text               mc_w.l(memcpya.o)
    0x00001a00   0x00000024   Code   RO          193    .text               mc_w.l(init.o)
    0x00001a24   0x0000005c   Code   RO          203    .text               mc_w.l(__dczerorl2.o)
    0x00001a80   0x0000000e   Code   RO          197    i.__scatterload_copy  mc_w.l(handlers.o)
    0x00001a8e   0x00000002   Code   RO          198    i.__scatterload_null  mc_w.l(handlers.o)
    0x00001a90   0x0000000e   Code   RO          199    i.__scatterload_zeroinit  mc_w.l(handlers.o)
    0x00001a9e   0x0000113b   Data   RO           61    .constdata          main.o
    0x00002bd9   0x000001e0   Data   RO           99    .constdata          nokia5110.o
    0x00002db9   0x00000003   PAD
    0x00002dbc   0x00000020   Data   RO          195    Region$$Table       anon$$obj.o


    Execution Region RW_IRAM1 (Base: 0x20000000, Size: 0x00000708, Max: 0x00008000, ABSOLUTE, COMPRESSED[0x0000008c])

    Base Addr    Size         Type   Attr      Idx    E Section Name        Object

    0x20000000   0x000002d5   Data   RW           62    .data               main.o
    0x200002d5   0x00000003   PAD
    0x200002d8   0x0000000c   Data   RW          100    .data               nokia5110.o
    0x200002e4   0x00000004   Data   RW          148    .data               timer.o
    0x200002e8   0x00000028   Zero   RW           60    .bss                main.o
    0x20000310   0x000001f8   Zero   RW           98    .bss                nokia5110.o
    0x20000508   0x00000200   Zero   RW            1    STACK               startup_tm4c123.o


==============================================================================

Image component sizes


      Code (inc. data)   RO Data    RW Data    ZI Data      Debug   Object Name

         2          0          0          0          0      26801   init.o
      3128        248       4411        725         40       8248   main.o
      2056         90        480         12        504       6182   nokia5110.o
       124          6          0          0          0        399   pll.o
       252         10        620          0        512       5344   startup_tm4c123.o
       240         40          0          0          0       1307   switch.o
       176         20          0          4          0      27983   timer.o

    ----------------------------------------------------------------------
      5980        414       5546        744       1056      76264   Object Totals
         0          0         32          0          0          0   (incl. Generated)
         2          0          3          3          0          0   (incl. Padding)

    ----------------------------------------------------------------------

      Code (inc. data)   RO Data    RW Data    ZI Data      Debug   Library Member Name

        92          0          0          0          0          0   __dczerorl2.o
         0          0          0          0          0          0   entry.o
         0          0          0          0          0          0   entry10a.o
         0          0          0          0          0          0   entry11a.o
         8          4          0          0          0          0   entry2.o
         4          0          0          0          0          0   entry5.o
         0          0          0          0          0          0   entry7b.o
         0          0          0          0          0          0   entry8b.o
         8          4          0          0          0          0   entry9a.o
        30          0          0          0          0          0   handlers.o
        36          8          0          0          0         68   init.o
        36          0          0          0          0         68   memcpya.o

    ----------------------------------------------------------------------
       214         16          0          0          0        136   Library Totals
         0          0          0          0          0          0   (incl. Padding)

    ----------------------------------------------------------------------

      Code (inc. data)   RO Data    RW Data    ZI Data      Debug   Library Name

       214         16          0          0          0        136   mc_w.l

    ----------------------------------------------------------------------
       214         16          0          0          0        136   Library Totals

    ----------------------------------------------------------------------

==============================================================================


      Code (inc. data)   RO Data    RW Data    ZI Data      Debug   

      6194        430       5546        744       1056      75700   Grand Totals
      6194        430       5546        140       1056      75700   ELF Image Totals (compressed)
      6194        430       5546        140          0          0   ROM Totals

==============================================================================

    Total RO  Size (Code + RO Data)                11740 (  11.46kB)
    Total RW  Size (RW Data + ZI Data)              1800 (   1.76kB)
    Total ROM Size (Code + RO Data + RW Data)      11880 (  11.60kB)

==============================================================================

